
> global-foundation@0.1.0 dev
> next dev

  ▲ Next.js 14.2.5
  - Local:        http://localhost:3000
  - Environments: .env.local

 ✓ Starting...
 ✓ Ready in 33.5s
 ○ Compiling / ...
 ✓ Compiled / in 39.3s (596 modules)
 ✓ Compiled in 3.1s (293 modules)
 GET / 200 in 42838ms
 ○ Compiling /get-involved ...
 ✓ Compiled /get-involved in 1371ms (604 modules)
 ✓ Compiled in 2.8s (618 modules)
 GET /get-involved 500 in 1499ms
 ✓ Compiled in 1653ms (618 modules)
 GET /get-involved 200 in 590ms
 ✓ Compiled in 1351ms (618 modules)
 ✓ Compiled in 1080ms (618 modules)
 ✓ Compiled in 1669ms (618 modules)
 ✓ Compiled in 2.2s (618 modules)
 ✓ Compiled in 1345ms (618 modules)
 ✓ Compiled in 1466ms (618 modules)
 ✓ Compiled in 1201ms (618 modules)
 ✓ Compiled in 598ms (303 modules)
 ✓ Compiled in 1809ms (618 modules)
 ✓ Compiled in 666ms (303 modules)
 ✓ Compiled in 1533ms (618 modules)
 ✓ Compiled in 1147ms (618 modules)
 ✓ Compiled in 824ms (618 modules)
 ✓ Compiled in 536ms (303 modules)
 ✓ Compiled in 906ms (303 modules)
 ✓ Compiled in 648ms (303 modules)
 ✓ Compiled in 601ms (303 modules)
 ✓ Compiled in 593ms (303 modules)
 ✓ Compiled in 1728ms (604 modules)
 ✓ Compiled in 685ms (303 modules)
 ✓ Compiled in 2.1s (618 modules)
